../Core/Src/main.c:115:6:uart_print	16	static
../Core/Src/main.c:120:6:show_main_menu	408	static
../Core/Src/main.c:154:6:show_standard_menu	8	static
../Core/Src/main.c:162:6:show_curve_menu	8	static
../Core/Src/main.c:186:5:main	176	static
../Core/Src/main.c:445:6:SystemClock_Config	88	static
../Core/Src/main.c:492:13:MX_ADC1_Init	24	static
../Core/Src/main.c:539:13:MX_TIM3_Init	32	static
../Core/Src/main.c:584:13:MX_USART1_UART_Init	8	static
../Core/Src/main.c:615:13:MX_DMA_Init	16	static
../Core/Src/main.c:633:13:MX_GPIO_Init	40	static
../Core/Src/main.c:662:6:HAL_ADC_ConvCpltCallback	16	static
../Core/Src/main.c:668:6:HAL_UART_RxCpltCallback	16	static
../Core/Src/main.c:684:6:Error_Handler	4	static,ignoring_inline_asm
